// Jest Snapshot v1, https://goo.gl/fbAQLP

exports[`Loader Test should render correctly 1`] = `ShallowWrapper {}`;
