// Jest Snapshot v1, https://goo.gl/fbAQLP

exports[`Not Found Tests should render correctly 1`] = `ShallowWrapper {}`;
