// Jest Snapshot v1, https://goo.gl/fbAQLP

exports[`App Tests test app main page 1`] = `ShallowWrapper {}`;
